[    0.000000] Initializing cgroup subsys cpuset
[    0.000000] Initializing cgroup subsys cpu
[    0.000000] Initializing cgroup subsys cpuacct
[    0.000000] Linux version 4.4.0-203-generic (buildd@lcy01-amd64-027) (gcc version 5.4.0 20160609 (Ubuntu 5.4.0-6ubuntu1~16.04.12) ) #235-Ubuntu SMP Tue Feb 2 02:49:08 UTC 2021 (Ubuntu 4.4.0-203.235-generic 4.4.249)
[    0.000000] Command line: BOOT_IMAGE=/boot/vmlinuz-4.4.0-203-generic root=LABEL=cloudimg-rootfs ro console=tty1 console=ttyS0
[    0.000000] KERNEL supported cpus:
[    0.000000]   Intel GenuineIntel
[    0.000000]   AMD AuthenticAMD
[    0.000000]   Centaur CentaurHauls
[    0.000000] x86/fpu: Legacy x87 FPU detected.
[    0.000000] e820: BIOS-provided physical RAM map:
[    0.000000] BIOS-e820: [mem 0x0000000000000000-0x000000000009fbff] usable
[    0.000000] BIOS-e820: [mem 0x000000000009fc00-0x000000000009ffff] reserved
[    0.000000] BIOS-e820: [mem 0x00000000000f0000-0x00000000000fffff] reserved
[    0.000000] BIOS-e820: [mem 0x0000000000100000-0x00000000dffeffff] usable
[    0.000000] BIOS-e820: [mem 0x00000000dfff0000-0x00000000dfffffff] ACPI data
[    0.000000] BIOS-e820: [mem 0x00000000fec00000-0x00000000fec00fff] reserved
[    0.000000] BIOS-e820: [mem 0x00000000fee00000-0x00000000fee00fff] reserved
[    0.000000] BIOS-e820: [mem 0x00000000fffc0000-0x00000000ffffffff] reserved
[    0.000000] BIOS-e820: [mem 0x0000000100000000-0x000000015fffffff] usable
[    0.000000] NX (Execute Disable) protection: active
[    0.000000] SMBIOS 2.5 present.
[    0.000000] Hypervisor detected: KVM
[    0.000000] e820: last_pfn = 0x160000 max_arch_pfn = 0x400000000
[    0.000000] MTRR: Disabled
[    0.000000] x86/PAT: MTRRs disabled, skipping PAT initialization too.
[    0.000000] CPU MTRRs all blank - virtualized system.
[    0.000000] x86/PAT: Configuration [0-7]: WB  WT  UC- UC  WB  WT  UC- UC  
[    0.000000] e820: last_pfn = 0xdfff0 max_arch_pfn = 0x400000000
[    0.000000] found SMP MP-table at [mem 0x0009fff0-0x0009ffff] mapped at [ffff88000009fff0]
[    0.000000] Scanning 1 areas for low memory corruption
[    0.000000] RAMDISK: [mem 0x362dc000-0x37165fff]
[    0.000000] ACPI: Early table checksum verification disabled
[    0.000000] ACPI: RSDP 0x00000000000E0000 000024 (v02 VBOX  )
[    0.000000] ACPI: XSDT 0x00000000DFFF0030 00003C (v01 VBOX   VBOXXSDT 00000001 ASL  00000061)
[    0.000000] ACPI: FACP 0x00000000DFFF00F0 0000F4 (v04 VBOX   VBOXFACP 00000001 ASL  00000061)
[    0.000000] ACPI: DSDT 0x00000000DFFF0470 002325 (v02 VBOX   VBOXBIOS 00000002 INTL 20100528)
[    0.000000] ACPI: FACS 0x00000000DFFF0200 000040
[    0.000000] ACPI: FACS 0x00000000DFFF0200 000040
[    0.000000] ACPI: APIC 0x00000000DFFF0240 00005C (v02 VBOX   VBOXAPIC 00000001 ASL  00000061)
[    0.000000] ACPI: SSDT 0x00000000DFFF02A0 0001CC (v01 VBOX   VBOXCPUT 00000002 INTL 20100528)
[    0.000000] No NUMA configuration found
[    0.000000] Faking a node at [mem 0x0000000000000000-0x000000015fffffff]
[    0.000000] NODE_DATA(0) allocated [mem 0x15fff7000-0x15fffbfff]
[    0.000000] kvm-clock: Using msrs 4b564d01 and 4b564d00
[    0.000000] kvm-clock: cpu 0, msr 1:5ffef001, primary cpu clock
[    0.000000] kvm-clock: using sched offset of 3850668927 cycles
[    0.000000] clocksource: kvm-clock: mask: 0xffffffffffffffff max_cycles: 0x1cd42e4dffb, max_idle_ns: 881590591483 ns
[    0.000000] Zone ranges:
[    0.000000]   DMA      [mem 0x0000000000001000-0x0000000000ffffff]
[    0.000000]   DMA32    [mem 0x0000000001000000-0x00000000ffffffff]
[    0.000000]   Normal   [mem 0x0000000100000000-0x000000015fffffff]
[    0.000000]   Device   empty
[    0.000000] Movable zone start for each node
[    0.000000] Early memory node ranges
[    0.000000]   node   0: [mem 0x0000000000001000-0x000000000009efff]
[    0.000000]   node   0: [mem 0x0000000000100000-0x00000000dffeffff]
[    0.000000]   node   0: [mem 0x0000000100000000-0x000000015fffffff]
[    0.000000] Initmem setup node 0 [mem 0x0000000000001000-0x000000015fffffff]
[    0.000000] ACPI: PM-Timer IO Port: 0x4008
[    0.000000] IOAPIC[0]: apic_id 2, version 32, address 0xfec00000, GSI 0-23
[    0.000000] ACPI: INT_SRC_OVR (bus 0 bus_irq 0 global_irq 2 dfl dfl)
[    0.000000] ACPI: INT_SRC_OVR (bus 0 bus_irq 9 global_irq 9 low level)
[    0.000000] Using ACPI (MADT) for SMP configuration information
[    0.000000] smpboot: Allowing 2 CPUs, 0 hotplug CPUs
[    0.000000] PM: Registered nosave memory: [mem 0x00000000-0x00000fff]
[    0.000000] PM: Registered nosave memory: [mem 0x0009f000-0x0009ffff]
[    0.000000] PM: Registered nosave memory: [mem 0x000a0000-0x000effff]
[    0.000000] PM: Registered nosave memory: [mem 0x000f0000-0x000fffff]
[    0.000000] PM: Registered nosave memory: [mem 0xdfff0000-0xdfffffff]
[    0.000000] PM: Registered nosave memory: [mem 0xe0000000-0xfebfffff]
[    0.000000] PM: Registered nosave memory: [mem 0xfec00000-0xfec00fff]
[    0.000000] PM: Registered nosave memory: [mem 0xfec01000-0xfedfffff]
[    0.000000] PM: Registered nosave memory: [mem 0xfee00000-0xfee00fff]
[    0.000000] PM: Registered nosave memory: [mem 0xfee01000-0xfffbffff]
[    0.000000] PM: Registered nosave memory: [mem 0xfffc0000-0xffffffff]
[    0.000000] e820: [mem 0xe0000000-0xfebfffff] available for PCI devices
[    0.000000] Booting paravirtualized kernel on KVM
[    0.000000] clocksource: refined-jiffies: mask: 0xffffffff max_cycles: 0xffffffff, max_idle_ns: 7645519600211568 ns
[    0.000000] setup_percpu: NR_CPUS:512 nr_cpumask_bits:512 nr_cpu_ids:2 nr_node_ids:1
[    0.000000] PERCPU: Embedded 33 pages/cpu @ffff88015fc00000 s95640 r8192 d31336 u1048576
[    0.000000] Built 1 zonelists in Node order, mobility grouping on.  Total pages: 1290104
[    0.000000] Policy zone: Normal
[    0.000000] Kernel command line: BOOT_IMAGE=/boot/vmlinuz-4.4.0-203-generic root=LABEL=cloudimg-rootfs ro console=tty1 console=ttyS0
[    0.000000] PID hash table entries: 4096 (order: 3, 32768 bytes)
[    0.000000] Memory: 5060356K/5242424K available (8641K kernel code, 1337K rwdata, 4044K rodata, 1496K init, 1296K bss, 182068K reserved, 0K cma-reserved)
[    0.000000] SLUB: HWalign=64, Order=0-3, MinObjects=0, CPUs=2, Nodes=1
[    0.000000] Kernel/User page tables isolation: enabled
[    0.000000] Hierarchical RCU implementation.
[    0.000000] 	Build-time adjustment of leaf fanout to 64.
[    0.000000] 	RCU restricting CPUs from NR_CPUS=512 to nr_cpu_ids=2.
[    0.000000] RCU: Adjusting geometry for rcu_fanout_leaf=64, nr_cpu_ids=2
[    0.000000] NR_IRQS:33024 nr_irqs:440 16
[    0.000000] Console: colour VGA+ 80x25
[    0.000000] console [tty1] enabled
[    0.000000] console [ttyS0] enabled
[    0.000000] tsc: Detected 3506.084 MHz processor
[    1.875325] Calibrating delay loop (skipped) preset value.. 7012.16 BogoMIPS (lpj=14024336)
[    1.880854] pid_max: default: 32768 minimum: 301
[    1.883968] ACPI: Core revision 20150930
[    1.887377] ACPI: 2 ACPI AML tables successfully acquired and loaded
[    1.892836] Security Framework initialized
[    1.896369] Yama: becoming mindful.
[    1.899310] AppArmor: AppArmor initialized
[    1.902750] Dentry cache hash table entries: 1048576 (order: 11, 8388608 bytes)
[    1.942911] Inode-cache hash table entries: 524288 (order: 10, 4194304 bytes)
[    1.964754] Mount-cache hash table entries: 16384 (order: 5, 131072 bytes)
[    1.970346] Mountpoint-cache hash table entries: 16384 (order: 5, 131072 bytes)
[    1.977231] Initializing cgroup subsys io
[    1.979887] Initializing cgroup subsys memory
[    1.983556] Initializing cgroup subsys devices
[    1.987026] Initializing cgroup subsys freezer
[    1.990058] Initializing cgroup subsys net_cls
[    1.993063] Initializing cgroup subsys perf_event
[    1.996256] Initializing cgroup subsys net_prio
[    1.999958] Initializing cgroup subsys hugetlb
[    2.002851] Initializing cgroup subsys pids
[    2.006493] mce: CPU supports 0 MCE banks
[    2.009510] Last level iTLB entries: 4KB 1024, 2MB 1024, 4MB 1024
[    2.013457] Last level dTLB entries: 4KB 1024, 2MB 1024, 4MB 1024, 1GB 4
[    2.018457] Spectre V1 : Mitigation: usercopy/swapgs barriers and __user pointer sanitization
[    2.024917] Spectre V2 : Mitigation: Full generic retpoline
[    2.028588] Spectre V2 : Spectre v2 / SpectreRSB mitigation: Filling RSB on context switch
[    2.034109] Speculative Store Bypass: Vulnerable
[    2.037970] MDS: Mitigation: Clear CPU buffers
[    2.062055] Freeing SMP alternatives memory: 36K
[    2.108881] ftrace: allocating 32366 entries in 127 pages
[    2.633153] smpboot: APIC(0) Converting physical 0 to logical package 0
[    2.637704] smpboot: Max logical packages: 1
[    2.653164] ..TIMER: vector=0x30 apic1=0 pin1=2 apic2=-1 pin2=-1
[    2.766037] smpboot: CPU0: Intel(R) Core(TM) i5-4690K CPU @ 3.50GHz (family: 0x6, model: 0x3c, stepping: 0x3)
[    2.774475] Performance Events: unsupported p6 CPU model 60 no PMU driver, software events only.
[    2.832621] KVM setup paravirtual spinlock
[    2.838598] x86: Booting SMP configuration:
[    2.842008] .... node  #0, CPUs:      #1
[    2.847377] kvm-clock: cpu 1, msr 1:5ffef041, secondary cpu clock
[    2.850452] mce: CPU supports 0 MCE banks
[    2.853266] TSC synchronization [CPU#0 -> CPU#1]:
[    2.856751] Measured 873708 cycles TSC warp between CPUs, turning off TSC clock.
[    2.861624] tsc: Marking TSC unstable due to check_tsc_sync_source failed
[    0.460351] x86: Booted up 1 node, 2 CPUs
[    0.463342] smpboot: Total of 2 processors activated (14024.33 BogoMIPS)
[    0.468076] devtmpfs: initialized
[    0.472000] evm: security.selinux
[    0.472004] evm: security.SMACK64
[    0.476002] evm: security.SMACK64EXEC
[    0.478750] evm: security.SMACK64TRANSMUTE
[    0.480005] evm: security.SMACK64MMAP
[    0.484002] evm: security.ima
[    0.486381] evm: security.capability
[    0.488334] clocksource: jiffies: mask: 0xffffffff max_cycles: 0xffffffff, max_idle_ns: 7645041785100000 ns
[    0.496016] futex hash table entries: 512 (order: 3, 32768 bytes)
[    0.500474] pinctrl core: initialized pinctrl subsystem
[    0.504287] RTC time: 23:50:15, date: 03/08/21
[    0.508882] NET: Registered protocol family 16
[    0.524011] cpuidle: using governor ladder
[    0.536011] cpuidle: using governor menu
[    0.539571] PCCT header not found.
[    0.544071] ACPI: bus type PCI registered
[    0.548007] acpiphp: ACPI Hot Plug PCI Controller Driver version: 0.5
[    0.552345] PCI: Using configuration type 1 for base access
[    0.572720] ACPI: Added _OSI(Module Device)
[    0.576004] ACPI: Added _OSI(Processor Device)
[    0.580005] ACPI: Added _OSI(3.0 _SCP Extensions)
[    0.584007] ACPI: Added _OSI(Processor Aggregator Device)
[    0.588273] ACPI: Executed 1 blocks of module-level executable AML code
[    0.596496] ACPI: Interpreter enabled
[    0.599577] ACPI: (supports S0 S5)
[    0.600003] ACPI: Using IOAPIC for interrupt routing
[    0.604257] PCI: Using host bridge windows from ACPI; if necessary, use "pci=nocrs" and report a bug
[    0.615465] ACPI: PCI Root Bridge [PCI0] (domain 0000 [bus 00-ff])
[    0.616010] acpi PNP0A03:00: _OSC: OS supports [ASPM ClockPM Segments MSI]
[    0.620503] acpi PNP0A03:00: _OSC: not requesting OS control; OS requires [ExtendedConfig ASPM ClockPM MSI]
[    0.624011] acpi PNP0A03:00: fail to add MMCONFIG information, can't access extended PCI configuration space under this bridge.
[    0.632447] PCI host bridge to bus 0000:00
[    0.635469] pci_bus 0000:00: root bus resource [io  0x0000-0x0cf7 window]
[    0.636004] pci_bus 0000:00: root bus resource [io  0x0d00-0xffff window]
[    0.640004] pci_bus 0000:00: root bus resource [mem 0x000a0000-0x000bffff window]
[    0.644008] pci_bus 0000:00: root bus resource [mem 0xe0000000-0xfdffffff window]
[    0.648006] pci_bus 0000:00: root bus resource [bus 00-ff]
[    0.656736] pci 0000:00:01.1: legacy IDE quirk: reg 0x10: [io  0x01f0-0x01f7]
[    0.660003] pci 0000:00:01.1: legacy IDE quirk: reg 0x14: [io  0x03f6]
[    0.664005] pci 0000:00:01.1: legacy IDE quirk: reg 0x18: [io  0x0170-0x0177]
[    0.668005] pci 0000:00:01.1: legacy IDE quirk: reg 0x1c: [io  0x0376]
[    0.736983] pci 0000:00:07.0: quirk: [io  0x4000-0x403f] claimed by PIIX4 ACPI
[    0.740023] pci 0000:00:07.0: quirk: [io  0x4100-0x410f] claimed by PIIX4 SMB
[    0.752334] ACPI: PCI Interrupt Link [LNKA] (IRQs 5 9 10 *11)
[    0.764239] ACPI: PCI Interrupt Link [LNKB] (IRQs 5 9 *10 11)
[    0.774619] ACPI: PCI Interrupt Link [LNKC] (IRQs 5 *9 10 11)
[    0.784134] ACPI: PCI Interrupt Link [LNKD] (IRQs 5 9 10 *11)
[    0.794592] ACPI: Enabled 2 GPEs in block 00 to 07
[    0.800313] vgaarb: setting as boot device: PCI:0000:00:02.0
[    0.804000] vgaarb: device added: PCI:0000:00:02.0,decodes=io+mem,owns=io+mem,locks=none
[    0.804004] vgaarb: loaded
[    0.808002] vgaarb: bridge control possible 0000:00:02.0
[    0.816083] SCSI subsystem initialized
[    0.820303] ACPI: bus type USB registered
[    0.824023] usbcore: registered new interface driver usbfs
[    0.828051] usbcore: registered new interface driver hub
[    0.832161] usbcore: registered new device driver usb
[    0.836464] PCI: Using ACPI for IRQ routing
[    0.840497] NetLabel: Initializing
[    0.844002] NetLabel:  domain hash size = 128
[    0.848002] NetLabel:  protocols = UNLABELED CIPSOv4
[    0.852133] NetLabel:  unlabeled traffic allowed by default
[    0.860043] amd_nb: Cannot enumerate AMD northbridges
[    0.864226] clocksource: Switched to clocksource kvm-clock
[    0.898183] AppArmor: AppArmor Filesystem Enabled
[    0.904066] pnp: PnP ACPI init
[    0.908027] pnp: PnP ACPI: found 3 devices
[    0.951842] clocksource: acpi_pm: mask: 0xffffff max_cycles: 0xffffff, max_idle_ns: 2085701024 ns
[    0.952216] NET: Registered protocol family 2
[    0.961819] TCP established hash table entries: 65536 (order: 7, 524288 bytes)
[    0.972891] TCP bind hash table entries: 65536 (order: 8, 1048576 bytes)
[    0.981232] TCP: Hash tables configured (established 65536 bind 65536)
[    0.981427] UDP hash table entries: 4096 (order: 5, 131072 bytes)
[    0.981427] UDP-Lite hash table entries: 4096 (order: 5, 131072 bytes)
[    0.981427] NET: Registered protocol family 1
[    0.981427] pci 0000:00:00.0: Limiting direct PCI/PCI transfers
[    0.981427] pci 0000:00:01.0: Activating ISA DMA hang workarounds
[    0.981427] Unpacking initramfs...
[    1.355823] Freeing initrd memory: 14888K
[    1.359564] PCI-DMA: Using software bounce buffering for IO (SWIOTLB)
[    1.364986] software IO TLB: mapped [mem 0xdbff0000-0xdfff0000] (64MB)
[    1.369893] RAPL PMU detected, API unit is 2^-32 Joules, 4 fixed counters 10737418240 ms ovfl timer
[    1.376119] hw unit of domain pp0-core 2^-0 Joules
[    1.379487] hw unit of domain package 2^-0 Joules
[    1.383142] hw unit of domain dram 2^-0 Joules
[    1.386488] hw unit of domain pp1-gpu 2^-0 Joules
[    1.390238] clocksource: tsc: mask: 0xffffffffffffffff max_cycles: 0x3289c4d3168, max_idle_ns: 440795373697 ns
[    1.397207] platform rtc_cmos: registered platform RTC device (no PNP device found)
[    1.402732] Scanning for low memory corruption every 60 seconds
[    1.409007] audit: initializing netlink subsys (disabled)
[    1.412966] audit: type=2000 audit(1615247422.523:1): initialized
[    1.417478] Initialise system trusted keyring
[    1.421918] HugeTLB registered 2 MB page size, pre-allocated 0 pages
[    1.428794] zbud: loaded
[    1.432111] VFS: Disk quotas dquot_6.6.0
[    1.435277] VFS: Dquot-cache hash table entries: 512 (order 0, 4096 bytes)
[    1.441023] squashfs: version 4.0 (2009/01/31) Phillip Lougher
[    1.446064] fuse init (API version 7.23)
[    1.449845] Key type big_key registered
[    1.453128] Allocating IMA MOK and blacklist keyrings.
[    1.465611] Key type asymmetric registered
[    1.468938] Asymmetric key parser 'x509' registered
[    1.472880] Block layer SCSI generic (bsg) driver version 0.4 loaded (major 249)
[    1.478652] io scheduler noop registered
[    1.481788] io scheduler deadline registered (default)
[    1.485583] io scheduler cfq registered
[    1.488748] pci_hotplug: PCI Hot Plug PCI Core version: 0.5
[    1.492940] pciehp: PCI Express Hot Plug Controller Driver version: 0.4
[    1.496894] ACPI: AC Adapter [AC] (on-line)
[    1.501356] input: Power Button as /devices/LNXSYSTM:00/LNXPWRBN:00/input/input0
[    1.506648] ACPI: Power Button [PWRF]
[    1.509693] input: Sleep Button as /devices/LNXSYSTM:00/LNXSLPBN:00/input/input1
[    1.514855] ACPI: Sleep Button [SLPF]
[    1.518373] GHES: HEST is not enabled!
[    1.521971] Serial: 8250/16550 driver, 32 ports, IRQ sharing enabled
[    1.549839] 00:02: ttyS0 at I/O 0x3f8 (irq = 4, base_baud = 115200) is a 16550A
[    1.567056] Linux agpgart interface v0.103
[    1.582662] loop: module loaded
[    1.588245] scsi host0: ata_piix
[    1.591936] scsi host1: ata_piix
[    1.594676] ata1: PATA max UDMA/33 cmd 0x1f0 ctl 0x3f6 bmdma 0xd000 irq 14
[    1.599520] ata2: PATA max UDMA/33 cmd 0x170 ctl 0x376 bmdma 0xd008 irq 15
[    1.606204] libphy: Fixed MDIO Bus: probed
[    1.609970] tun: Universal TUN/TAP device driver, 1.6
[    1.613956] tun: (C) 1999-2004 Max Krasnyansky <maxk@qualcomm.com>
[    1.619708] PPP generic driver version 2.4.2
[    1.624158] ehci_hcd: USB 2.0 'Enhanced' Host Controller (EHCI) Driver
[    1.628710] ehci-pci: EHCI PCI platform driver
[    1.632159] ehci-platform: EHCI generic platform driver
[    1.637068] ohci_hcd: USB 1.1 'Open' Host Controller (OHCI) Driver
[    1.641722] ohci-pci: OHCI PCI platform driver
[    1.645128] ohci-platform: OHCI generic platform driver
[    1.652240] uhci_hcd: USB Universal Host Controller Interface driver
[    1.662173] i8042: PNP: PS/2 Controller [PNP0303:PS2K,PNP0f03:PS2M] at 0x60,0x64 irq 1,12
[    1.671537] serio: i8042 KBD port at 0x60,0x64 irq 1
[    1.676368] serio: i8042 AUX port at 0x60,0x64 irq 12
[    1.682135] mousedev: PS/2 mouse device common for all mice
[    1.689335] rtc_cmos rtc_cmos: rtc core: registered rtc_cmos as rtc0
[    1.694118] rtc_cmos rtc_cmos: alarms up to one day, 114 bytes nvram
[    1.698550] i2c /dev entries driver
[    1.701879] device-mapper: uevent: version 1.0.3
[    1.706168] device-mapper: ioctl: 4.34.0-ioctl (2015-10-28) initialised: dm-devel@redhat.com
[    1.718166] ledtrig-cpu: registered to indicate activity on CPUs
[    1.726922] input: AT Translated Set 2 keyboard as /devices/platform/i8042/serio0/input/input2
[    1.734159] NET: Registered protocol family 10
[    1.738660] NET: Registered protocol family 17
[    1.742076] Key type dns_resolver registered
[    1.745558] registered taskstats version 1
[    1.748486] Loading compiled-in X.509 certificates
[    1.752255] Loaded X.509 cert 'Build time autogenerated kernel key: c0f1dd89d7e09a1955be4fde7c6f946674683c10'
[    1.760625] zswap: loaded using pool lzo/zbud
[    1.819443] Key type trusted registered
[    1.828296] Key type encrypted registered
[    1.830942] AppArmor: AppArmor sha1 policy hashing enabled
[    1.835111] ima: No TPM chip found, activating TPM-bypass!
[    1.839251] ima: Allocated hash algorithm: sha1
[    1.842935] evm: HMAC attrs: 0x1
[    1.845856]   Magic number: 13:809:857
[    1.853602] rtc_cmos rtc_cmos: setting system clock to 2021-03-08 23:50:17 UTC (1615247417)
[    1.859287] BIOS EDD facility v0.16 2004-Jun-25, 0 devices found
[    1.863996] EDD information not available.
[    1.869863] Freeing unused kernel memory: 1496K
[    1.894819] Write protecting the kernel read-only data: 14336k
[    1.901297] Freeing unused kernel memory: 1588K
[    1.904982] Freeing unused kernel memory: 52K
Loading, please wait...
starting version 229
[    1.931979] random: systemd-udevd: uninitialized urandom read (16 bytes read, 5 bits of entropy available)
[    1.932591] random: udevadm: uninitialized urandom read (16 bytes read, 5 bits of entropy available)
[    1.932609] random: udevadm: uninitialized urandom read (16 bytes read, 5 bits of entropy available)
[    1.948007] random: udevadm: uninitialized urandom read (16 bytes read, 5 bits of entropy available)
[    1.948037] random: udevadm: uninitialized urandom read (16 bytes read, 5 bits of entropy available)
[    1.948327] random: udevadm: uninitialized urandom read (16 bytes read, 5 bits of entropy available)
[    1.948394] random: udevadm: uninitialized urandom read (16 bytes read, 5 bits of entropy available)
[    1.948432] random: udevadm: uninitialized urandom read (16 bytes read, 5 bits of entropy available)
[    1.948513] random: udevadm: uninitialized urandom read (16 bytes read, 5 bits of entropy available)
[    1.948549] random: udevadm: uninitialized urandom read (16 bytes read, 5 bits of entropy available)
[    2.055324] e1000: Intel(R) PRO/1000 Network Driver - version 7.3.21-k8-NAPI
[    2.061454] e1000: Copyright (c) 1999-2006 Intel Corporation.
[    2.076605] Fusion MPT base driver 3.04.20
[    2.079615] Copyright (c) 1999-2008 LSI Corporation
[    2.090750] Fusion MPT SPI Host driver 3.04.20
[    2.395879] input: ImExPS/2 Generic Explorer Mouse as /devices/platform/i8042/serio1/input/input4
[    2.704005] e1000 0000:00:03.0 eth0: (PCI:33MHz:32-bit) 02:49:cb:75:7f:af
[    2.709866] e1000 0000:00:03.0 eth0: Intel(R) PRO/1000 Network Connection
[    2.716464] e1000 0000:00:03.0 enp0s3: renamed from eth0
[    2.720472] mptbase: ioc0: Initiating bringup
[    2.796894] ioc0: LSI53C1030 A0: Capabilities={Initiator}
[    3.182511] scsi host2: ioc0: LSI53C1030 A0, FwRev=00000000h, Ports=1, MaxQ=256, IRQ=20
[    3.342000] scsi 2:0:0:0: Direct-Access     VBOX     HARDDISK         1.0  PQ: 0 ANSI: 5
[    3.348327] scsi target2:0:0: Beginning Domain Validation
[    3.356505] scsi target2:0:0: Domain Validation skipping write tests
[    3.360748] scsi target2:0:0: Ending Domain Validation
[    3.364367] scsi target2:0:0: asynchronous
[    3.368989] scsi 2:0:1:0: Direct-Access     VBOX     HARDDISK         1.0  PQ: 0 ANSI: 5
[    3.374454] scsi target2:0:1: Beginning Domain Validation
[    3.382601] scsi target2:0:1: Domain Validation skipping write tests
[    3.387008] scsi target2:0:1: Ending Domain Validation
[    3.391085] scsi target2:0:1: asynchronous
[    3.419673] sd 2:0:0:0: [sda] 83886080 512-byte logical blocks: (42.9 GB/40.0 GiB)
[    3.425921] sd 2:0:0:0: Attached scsi generic sg0 type 0
[    3.430111] sd 2:0:0:0: [sda] Write Protect is off
[    3.434431] sd 2:0:1:0: Attached scsi generic sg1 type 0
[    3.439562] sd 2:0:1:0: [sdb] 20480 512-byte logical blocks: (10.5 MB/10.0 MiB)
[    3.445061] sd 2:0:0:0: [sda] Incomplete mode parameter data
[    3.445062] sd 2:0:0:0: [sda] Assuming drive cache: write through
[    3.447728]  sda: sda1
[    3.449882] sd 2:0:0:0: [sda] Attached SCSI disk
[    3.461971] sd 2:0:1:0: [sdb] Write Protect is off
[    3.466199] sd 2:0:1:0: [sdb] Incomplete mode parameter data
[    3.470303] sd 2:0:1:0: [sdb] Assuming drive cache: write through
[    3.483241] sd 2:0:1:0: [sdb] Attached SCSI disk
Begin: Loading essential drivers ... [    5.076744] md: linear personality registered for level -1
[    5.085863] md: multipath personality registered for level -4
[    5.094187] md: raid0 personality registered for level 0
[    5.109824] md: raid1 personality registered for level 1
[    6.059686] raid6: sse2x1   gen() 194029 MB/s
[    8.062128] raid6: sse2x1   xor() 161114 MB/s
[    9.064060] raid6: sse2x2   gen() 266298 MB/s
[   10.136147] raid6: sse2x2   xor() 13141 MB/s
[   10.218155] raid6: sse2x4   gen() 19527 MB/s
[   10.293390] raid6: sse2x4   xor() 13571 MB/s
[   10.296520] raid6: using algorithm sse2x2 gen() 266298 MB/s
[   10.300518] raid6: .... xor() 13141 MB/s, rmw enabled
[   10.303894] raid6: using ssse3x2 recovery algorithm
[   10.310090] xor: measuring software checksum speed
[   10.352672]    prefetch64-sse: 24712.000 MB/sec
[   10.392715]    generic_sse: 27270.000 MB/sec
[   10.395974] xor: using function: generic_sse (27270.000 MB/sec)
[   10.403052] async_tx: api initialized (async)
[   10.438580] md: raid6 personality registered for level 6
[   10.442488] md: raid5 personality registered for level 5
[   10.446123] md: raid4 personality registered for level 4
[   10.465311] md: raid10 personality registered for level 10
done.
Begin: Running /scripts/init-premount ... done.
Begin: Mounting root file system ... Begin: Running /scripts/local-top ... done.
Begin: Running /scripts/local-premount ... [   10.523323] Btrfs loaded
Scanning for Btrfs filesystems
done.
Warning: fsck not present, so skipping root file system
[   10.572299] EXT4-fs (sda1): mounted filesystem with ordered data mode. Opts: (null)
done.
Begin: Running /scripts/local-bottom ... done.
Begin: Running /scripts/init-bottom ... done.
[   10.733271] systemd[1]: systemd 229 running in system mode. (+PAM +AUDIT +SELINUX +IMA +APPARMOR +SMACK +SYSVINIT +UTMP +LIBCRYPTSETUP +GCRYPT +GNUTLS +ACL +XZ -LZ4 +SECCOMP +BLKID +ELFUTILS +KMOD -IDN)
[   10.745958] systemd[1]: Detected virtualization oracle.
[   10.749667] systemd[1]: Detected architecture x86-64.

Welcome to [1mUbuntu 16.04.7 LTS[0m!

[   10.763566] systemd[1]: Set hostname to <ubuntu>.
[   10.773611] systemd[1]: Initializing machine ID from random generator.
[   10.778013] systemd[1]: Installed transient /etc/machine-id file.
[   10.977632] systemd[1]: Created slice System Slice.
[[0;32m  OK  [0m] Created slice System Slice.
[   10.986071] systemd[1]: Listening on Device-mapper event daemon FIFOs.
[[0;32m  OK  [0m] Listening on Device-mapper event daemon FIFOs.
[   10.995727] systemd[1]: Started Trigger resolvconf update for networkd DNS.
[[0;32m  OK  [0m] Started Trigger resolvconf update for networkd DNS.
[   11.006937] systemd[1]: Listening on Journal Socket (/dev/log).
[[0;32m  OK  [0m] Listening on Journal Socket (/dev/log).
[   11.016764] systemd[1]: Listening on LVM2 poll daemon socket.
[[0;32m  OK  [0m] Listening on LVM2 poll daemon socket.
[   11.026546] systemd[1]: Created slice User and Session Slice.
[[0;32m  OK  [0m] Created slice User and Session Slice.
[   11.035564] systemd[1]: Reached target Slices.
[[0;32m  OK  [0m] Reached target Slices.
[   11.044532] systemd[1]: Listening on Journal Socket.
[[0;32m  OK  [0m] Listening on Journal Socket.
[   11.065480] systemd[1]: Starting Set console keymap...
         Starting Set console keymap...
[   11.079991] systemd[1]: Mounting Huge Pages File System...
         Mounting Huge Pages File System...
[   11.091607] systemd[1]: Starting Remount Root and Kernel File Systems...
         Starting Remount Root and Kernel File Systems...[   11.103344] EXT4-fs (sda1): re-mounted. Opts: (null)

[   11.107073] systemd[1]: Starting Create list of required static device nodes for the current kernel...
         Starting Create list of required st... nodes for the current kernel...
[   11.122095] systemd[1]: Listening on Syslog Socket.
[[0;32m  OK  [0m] Listening on Syslog Socket.
[   11.131159] systemd[1]: Mounting POSIX Message Queue File System...
         Mounting POSIX Message Queue File System...
[   11.140553] systemd[1]: Starting Uncomplicated firewall...
         Starting Uncomplicated firewall...
[   11.149877] systemd[1]: Created slice system-serial\x2dgetty.slice.
[[0;32m  OK  [0m] Created slice system-serial\x2dgetty.slice.
[   11.159612] systemd[1]: Starting Nameserver information manager...
         Starting Nameserver information manager...
[   11.169585] systemd[1]: Reached target Swap.
[[0;32m  OK  [0m] Reached target Swap.
[   11.179581] systemd[1]: Starting Load Kernel Modules...
         Starting Load Kernel Modules...
[   11.190262] systemd[1]: Mounting Debug File System...
         Mounting Debug File System...[   11.196925] Loading iSCSI transport class v2.0-870.

[   11.199541] systemd[1]: Reached target System Time Synchronized.
[[0;32m  OK  [0m] Reached target System Time Synchronized.
[   11.212826] systemd[1]: Listening on LVM2 metadata daemon socket.
[[0;32m  OK  [0m] [   11.221669] iscsi: registered transport (tcp)
Listening on LVM2 metadata daemon socket.
[   11.236570] systemd[1]: Starting Monitoring of LVM2 mirrors, snapshots etc. using dmeventd or progress polling...
         Starting Monitoring of LVM2 mirrors... dmeventd or progress polling...
[   11.249760] systemd[1]: Listening on /dev/initctl Compatibility Named Pipe.
[[0;32m  OK  [0m] Listening on /dev/initctl Compatibility Named Pipe.
[   11.261007] systemd[1]: Started Forward Password Requests to Wall Directory Watch.
[[0;32m  OK  [0m] Started Forward Password Requests to Wall Directory Watch.
[   11.274206] systemd[1]: Listening on Journal Audit Socket.
[[0;32m  OK  [0m] Listening on Journal Audit Socket.
[   11.289111] systemd[1]: Reached target User and Group Name Lookups.
[[0;32m  OK  [0m] Reached target User and Group Name Lookups.
[   11.299242] systemd[1]: Set up automount Arbitrary Executable File Formats File System Automount Point.
[[0;32m  OK  [0m] Set up automount Arbitrary Executab...ats File System Automount Point.
[   11.320759] systemd[1]: Reached target Encrypted Volumes.
[[0;32m  OK  [0m] Reached target Encrypted Volumes.
[   11.343249] iscsi: registered transport (iser)
[   11.344626] systemd[1]: Starting Journal Service...
         Starting Journal Service...
[   11.355826] systemd[1]: Listening on udev Control Socket.
[[0;32m  OK  [0m] Listening on udev Control Socket.
[   11.365982] systemd[1]: Listening on udev Kernel Socket.
[[0;32m  OK  [0m] Listening on udev Kernel Socket.
[   11.377586] systemd[1]: Mounted Huge Pages File System.
[[0;32m  OK  [0m] Mounted Huge Pages File System.
[   11.385471] systemd[1]: Mounted Debug File System.
[[0;32m  OK  [0m] Mounted Debug File System.
[   11.391814] systemd[1]: Mounted POSIX Message Queue File System.
[[0;32m  OK  [0m] Mounted POSIX Message Queue File System.
[   11.399505] systemd[1]: Started Journal Service.
[[0;32m  OK  [0m] Started Journal Service.
[[0;32m  OK  [0m] Started Set console keymap.
[[0;32m  OK  [0m] Started Remount Root and Kernel File Systems.
[[0;32m  OK  [0m] Started Create list of required sta...ce nodes for the current kernel.
[[0;32m  OK  [0m] Started Uncomplicated firewall.
[[0;32m  OK  [0m] Started Load Kernel Modules.
[[0;32m  OK  [0m] Started Nameserver information manager.
[[0;32m  OK  [0m] Started LVM2 metadata daemon.
         Starting Apply Kernel Variables...
         Mounting FUSE Control File System...
         Starting Create Static Device Nodes in /dev...
         Starting Load/Save Random Seed...
         Starting udev Coldplug all Devices...
         Starting Flush Journal to Persistent Storage...
[[0;32m  OK  [0m] Mounted FUSE Control File System.
[[0;32m  OK  [0m] Started Apply Kernel Variables.
[[0;32m  OK  [0m] Started Create Static Device Nodes in /dev.
[[0;32m  OK  [0m] Started Load/Save Random Seed.
         Starting udev Kernel Device Manager...
[[0;32m  OK  [0m] Started Flush Journal to Persistent Storage.
[[0;32m  OK  [0m] Started udev Kernel Device Manager.
[[0;32m  OK  [0m] Started udev Coldplug all Devices.
[[0;32m  OK  [0m] Started Dispatch Password Requests to Console Directory Watch.
[[0;32m  OK  [0m] Found device /dev/ttyS0.
[[0;32m  OK  [0m] Started Monitoring of LVM2 mirrors,...ng dmeventd or progress polling.
[[0;32m  OK  [0m] Reached target Local File Systems (Pre).
[[0;32m  OK  [0m] Reached target Local File Systems.
         Starting Tell Plymouth To Write Out Runtime Data...
         Starting Set console font and keymap...
         Starting Initial cloud-init job (pre-networking)...
         Starting Create Volatile Files and Directories...
         Starting LSB: AppArmor initialization...
         Starting Commit a transient machine-id on disk...
[[0;32m  OK  [0m] Started Tell Plymouth To Write Out Runtime Data.
[[0;32m  OK  [0m] Started Create Volatile Files and Directories.
         Starting Update UTMP about System Boot/Shutdown...
[[0;32m  OK  [0m] Started Commit a transient machine-id on disk.
[[0;32m  OK  [0m] Started Update UTMP about System Boot/Shutdown.
[[0;32m  OK  [0m] Listening on Load/Save RF Kill Switch Status /dev/rfkill Watch.
[[0;32m  OK  [0m[   13.334779] cloud-init[495]: Cloud-init v. 20.4.1-0ubuntu1~16.04.1 running 'init-local' at Mon, 08 Mar 2021 23:50:28 +0000. Up 13.03 seconds.
] Started LSB: AppArmor initialization.
         Starting Load AppArmor profiles managed internally by snapd...
[[0;32m  OK  [0m] Started Initial cloud-init job (pre-networking).
[[0;32m  OK  [0m] Started Load AppArmor profiles managed internally by snapd.
[[0;32m  OK  [0m] Reached target Network (Pre).
         Starting Raise network interfaces...
[[0;32m  OK  [0m] Started Set console font and keymap.
[[0;32m  OK  [0m] Created slice system-getty.slice.
[[0;32m  OK  [0m] Started Raise network interfaces.
[[0;32m  OK  [0m] Reached target Network.
         Starting Initial cloud-init job (metadata service crawler)...
[   15.047136] cloud-init[923]: Cloud-init v. 20.4.1-0ubuntu1~16.04.1 running 'init' at Mon, 08 Mar 2021 23:50:30 +0000. Up 14.58 seconds.
[   15.052026] cloud-init[923]: ci-info: ++++++++++++++++++++++++++++++++++++++Net device info++++++++++++++++++++++++++++++++++++++
[   15.056641] cloud-init[923]: ci-info: +--------+------+----------------------------+---------------+--------+-------------------+
[   15.061136] cloud-init[923]: ci-info: | Device |  Up  |          Address           |      Mask     | Scope  |     Hw-Address    |
[   15.065834] cloud-init[923]: ci-info: +--------+------+----------------------------+---------------+--------+-------------------+
[   15.070460] cloud-init[923]: ci-info: | enp0s3 | True |         10.0.2.15          | 255.255.255.0 | global | 02:49:cb:75:7f:af |
[   15.075038] cloud-init[923]: ci-info: | enp0s3 | True | fe80::49:cbff:fe75:7faf/64 |       .       |  link  | 02:49:cb:75:7f:af |
[   15.079583] cloud-init[923]: ci-info: |   lo   | True |         127.0.0.1          |   255.0.0.0   |  host  |         .         |
[   15.083794] cloud-init[923]: ci-info: |   lo   | True |          ::1/128           |       .       |  host  |         .         |
[   15.088324] cloud-init[923]: ci-info: +--------+------+----------------------------+---------------+--------+-------------------+
[   15.092894] cloud-init[923]: ci-info: +++++++++++++++++++++++++++Route IPv4 info++++++++++++++++++++++++++++
[   15.096968] cloud-init[923]: ci-info: +-------+-------------+----------+---------------+-----------+-------+
[   15.101095] cloud-init[923]: ci-info: | Route | Destination | Gateway  |    Genmask    | Interface | Flags |
[   15.105264] cloud-init[923]: ci-info: +-------+-------------+----------+---------------+-----------+-------+
[   15.109425] cloud-init[923]: ci-info: |   0   |   0.0.0.0   | 10.0.2.2 |    0.0.0.0    |   enp0s3  |   UG  |
[   15.113681] cloud-init[923]: ci-info: |   1   |   10.0.2.0  | 0.0.0.0  | 255.255.255.0 |   enp0s3  |   U   |
[   15.117893] cloud-init[923]: ci-info: +-------+-------------+----------+---------------+-----------+-------+
[   15.122235] cloud-init[923]: ci-info: +++++++++++++++++++Route IPv6 info+++++++++++++++++++
[   15.125883] cloud-init[923]: ci-info: +-------+-------------+---------+-----------+-------+
[   15.129523] cloud-init[923]: ci-info: | Route | Destination | Gateway | Interface | Flags |
[   15.133221] cloud-init[923]: ci-info: +-------+-------------+---------+-----------+-------+
[   15.137191] cloud-init[923]: ci-info: |   0   |  fe80::/64  |    ::   |   enp0s3  |   U   |
[   15.140936] cloud-init[923]: ci-info: |   3   |   ff00::/8  |    ::   |   enp0s3  |   U   |
[   15.144588] cloud-init[923]: ci-info: +-------+-------------+---------+-----------+-------+
[   15.147924] cloud-init[923]: Generating public/private rsa key pair.
[   15.151073] cloud-init[923]: Your identification has been saved in /etc/ssh/ssh_host_rsa_key.
[   15.154836] cloud-init[923]: Your public key has been saved in /etc/ssh/ssh_host_rsa_key.pub.
[   15.158564] cloud-init[923]: The key fingerprint is:
[   15.161396] cloud-init[923]: SHA256:/CIJQ+XV2/eIXyDLB5obeCPrJMgqeWuPRGkOXLeapIo root@ubuntu-xenial
[   15.165344] cloud-init[923]: The key's randomart image is:
[   15.168117] cloud-init[923]: +---[RSA 2048]----+
[   15.170882] cloud-init[923]: |      . ..       |
[   15.173493] cloud-init[923]: |     o .  .      |
[   15.176042] cloud-init[923]: |   ....    o     |
[   15.178623] cloud-init[923]: |. .o. ..  . + o  |
[   15.181316] cloud-init[923]: |..+.o.  S. + * + |
[   15.183877] cloud-init[923]: | =o.o+ .o.* + o o|
[   15.186588] cloud-init[923]: | oooo + o+.+ o . |
[   15.189360] cloud-init[923]: |=.oo   +...   .  |
[   15.191929] cloud-init[923]: |E++o.  ..        |
[   15.194527] cloud-init[923]: +----[SHA256]-----+
[   15.197161] cloud-init[923]: Generating public/private dsa key pair.
[   15.200355] cloud-init[923]: Your identification has been saved in /etc/ssh/ssh_host_dsa_key.
[   15.203843] cloud-init[923]: Your public key has been saved in /etc/ssh/ssh_host_dsa_key.pub.
[   15.204774] cloud-init[923]: The key fingerprint is:
[   15.205189] cloud-init[923]: SHA256:DsmpkwlLlrIfGmsJj1WIHeAx812RGlnmy6Y0NbB/n4E root@ubuntu-xenial
[   15.205513] cloud-init[923]: The key's randomart image is:
[   15.205839] cloud-init[923]: +---[DSA 1024]----+
[   15.206177] cloud-init[923]: |.=   .o=o        |
[   15.206496] cloud-init[923]: |. * .o*.         |
[   15.206825] cloud-init[923]: | + + oo+         |
[   15.207179] cloud-init[923]: |. o..o+oo .      |
[   15.207488] cloud-init[923]: |. =. o==SE .     |
[   15.208569] cloud-init[923]: |.=.o.++o. . o    |
[   15.208893] cloud-init[923]: |+++ =.  .  o     |
[   15.209220] cloud-init[923]: |.B.. .           |
[   15.209544] cloud-init[923]: |+ .              |
[   15.209872] cloud-init[923]: +----[SHA256]-----+
[   15.210210] cloud-init[923]: Generating public/private ecdsa key pair.
[   15.210529] cloud-init[923]: Your identification has been saved in /etc/ssh/ssh_host_ecdsa_key.
[   15.210911] cloud-init[923]: Your public key has been saved in /etc/ssh/ssh_host_ecdsa_key.pub.
[   15.211234] cloud-init[923]: The key fingerprint is:
[   15.211559] cloud-init[923]: SHA256:1tYCoz6B1en7h+pWPMfmyBrKQdGXCRW1r21FFBFGFa0 root@ubuntu-xenial
[   15.211891] cloud-init[923]: The key's randomart image is:
[   15.212591] cloud-init[923]: +---[ECDSA 256]---+
[   15.212928] cloud-init[923]: |        ..oo. .BX|
[   15.213249] cloud-init[923]: |       o o o ....|
[   15.213576] cloud-init[923]: |      o * + .  ..|
[   15.213925] cloud-init[923]: |     o + = . .E. |
[   15.214245] cloud-init[923]: |    . + S.+.. . .|
[   15.214575] cloud-init[923]: |     o o o+.+o . |
[   15.214923] cloud-init[923]: |      + oo B. o  |
[   15.215238] cloud-init[923]: |     . +.o+ o.   |
[   15.215571] cloud-init[923]: |      oo+o..     |
[   15.215948] cloud-init[923]: +----[SHA256]-----+
[   15.216605] cloud-init[923]: Generating public/private ed25519 key pair.
[   15.216939] cloud-init[923]: Your identification has been saved in /etc/ssh/ssh_host_ed25519_key.
[   15.217266] cloud-init[923]: Your public key has been saved in /etc/ssh/ssh_host_ed25519_key.pub.
[   15.217594] cloud-init[923]: The key fingerprint is:
[   15.217930] cloud-init[923]: SHA256:Ofc1FfhUdEZLs28yXlD9moQIA8luIqf0kOiHVAPYFoY root@ubuntu-xenial
[   15.218258] cloud-init[923]: The key's randomart image is:
[   15.218595] cloud-init[923]: +--[ED25519 256]--+
[   15.218975] cloud-init[923]: |.++. ..o      .*X|
[   15.219251] cloud-init[923]: |E.oo  o o    ..+B|
[   15.219623] cloud-init[923]: | o....   o . .+oo|
[   15.219959] cloud-init[923]: |..= o o  .. . .+o|
[   15.220676] cloud-init[923]: |o..* o  S .  .=o+|
[   15.220959] cloud-init[923]: | o...    o . oo* |
[   15.221285] cloud-init[923]: |  .         . .  |
[   15.221615] cloud-init[923]: |                 |
[   15.221961] cloud-init[923]: |                 |
[   15.222279] cloud-init[923]: +----[SHA256]-----+
[[0;32m  OK  [0m] Started Initial cloud-init job (metadata service crawler).
[[0;32m  OK  [0m] Reached target System Initialization.
[[0;32m  OK  [0m] Listening on UUID daemon activation socket.
[[0;32m  OK  [0m] Started Message of the Day.
[[0;32m  OK  [0m] Listening on ACPID Listen Socket.
[[0;32m  OK  [0m] Started Daily apt download activities.
[[0;32m  OK  [0m] Started Daily apt upgrade and clean activities.
         Starting Socket activation for snappy daemon.
[[0;32m  OK  [0m] Started ACPI Events Check.
[[0;32m  OK  [0m] Reached target Paths.
[[0;32m  OK  [0m] Listening on D-Bus System Message Bus Socket.
[[0;32m  OK  [0m] Started Daily Cleanup of Temporary Directories.
[[0;32m  OK  [0m] Reached target Timers.
         Starting LXD - unix socket.
[[0;32m  OK  [0m] Reached target Cloud-config availability.
[[0;32m  OK  [0m] Reached target Network is Online.
         Starting iSCSI initiator daemon (iscsid)...
[[0;32m  OK  [0m] Listening on Socket activation for snappy daemon.
[[0;32m  OK  [0m] Listening on LXD - unix socket.
[[0;32m  OK  [0m] Reached target Sockets.
[[0;32m  OK  [0m] Reached target Basic System.
         Starting Login Service...
[[0;32m  OK  [0m] Started Regular background program processing daemon.
[[0;32m  OK  [0m] Started FUSE filesystem for LXC.
[[0;32m  OK  [0m] Started ACPI event daemon.
         Starting LXD - container startup/shutdown...
         Starting Pollinate to seed the pseudo random number generator...
         Starting /etc/rc.local Compatibility...
         Starting LSB: MD monitoring daemon...
[[0;32m  OK  [0m] Started Deferred execution scheduler.
         Starting System Logging Service...
         Starting Accounts Service...
[[0;32m  OK  [0m] Started D-Bus System Message Bus.
         Starting LSB: Record successful boot for GRUB...
         Starting Virtualbox guest utils...
         Starting Snap Daemon...
[[0;32m  OK  [0m] Started System Logging Service.
[[0;32m  OK  [0m] Started iSCSI initiator daemon (iscsid).
[[0;32m  OK  [0m] Started LXD - container startup/shutdown.
[[0;32m  OK  [0m] Started /etc/rc.local Compatibility.
[[0;32m  OK  [0m] Started Login Service.
[[0;32m  OK  [0m] Started Unattended Upgrades Shutdown.
         Starting Authenticate and Authorize Users to Run Privileged Tasks...
         Starting Login to default iSCSI targets...
[[0;32m  OK  [0m] Started Login to default iSCSI targets.
[[0;32m  OK  [0m] Started LSB: Record successful boot for GRUB.
[[0;32m  OK  [0m] Started LSB: MD monitoring daemon.
[[0;32m  OK  [0m] Reached target Remote File Systems (Pre).
[[0;32m  OK  [0m] Reached target Remote File Systems.
         Starting Permit User Sessions...
         Starting LSB: automatic crash report generation...
         Starting LSB: daemon to balance interrupts for SMP systems...
         Starting LSB: Set the CPU Frequency Scaling governor to "ondemand"...
[[0;32m  OK  [0m] Started Permit User Sessions.
[[0;32m  OK  [0m] Started Authenticate and Authorize Users to Run Privileged Tasks.
[[0;32m  OK  [0m] Started Accounts Service.
         Starting Hold until boot process finishes up...
         Starting Terminate Plymouth Boot Screen...
[[0;32m  OK  [0m] Started Hold until boot process finishes up.
[[0;32m  OK  [0m] Started Getty on tty1.
         Starting Set console scheme...
[[0;32m  OK  [0m] Started Serial Getty on ttyS0.
[[0;32m  OK  [0m] Reached target Login Prompts.
[[0;32m  OK  [0m] Started Terminate Plymouth Boot Screen.
[[0;32m  OK  [0m] Started Set console scheme.
[[0;32m  OK  [0m] Started LSB: daemon to balance interrupts for SMP systems.
[[0;32m  OK  [0m] Started LSB: Set the CPU Frequency Scaling governor to "ondemand".
[[0;32m  OK  [0m] Started LSB: automatic crash report generation.
[[0;1;31mFAILED[0m] Failed to start Snap Daemon.
See 'systemctl status snapd.service' for details.
         Starting Failure handling of the snapd snap...
         Starting Wait until snapd is fully seeded...
[[0;32m  OK  [0m] Started Virtualbox guest utils.
[[0;1;31mFAILED[0m] Failed to start Wait until snapd is fully seeded.
See 'systemctl status snapd.seeded.service' for details.
[[0;32m  OK  [0m] Started Failure handling of the snapd snap.
         Starting Apply the settings specified in cloud-config...
[[0;32m  OK  [0m] Stopped Snap Daemon.
         Starting Snap Daemon...
[   16.727171] cloud-init[1220]: Generating locales (this might take a while)...
[[0;32m  OK  [0m] Started Pollinate to seed the pseudo random number generator.
         Starting OpenBSD Secure Shell server...
[[0;32m  OK  [0m] Started OpenBSD Secure Shell server.
[[0;32m  OK  [0m] Started Snap Daemon.
[[0;32m  OK  [0m] Reached target Multi-User System.
[[0;32m  OK  [0m] Reached target Graphical Interface.
         Starting Update UTMP about System Runlevel Changes...
[[0;32m  OK  [0m] Started Update UTMP about System Runlevel Changes.
[   18.046788] cloud-init[1220]:   en_US.UTF-8... done
[   18.049964] cloud-init[1220]: Generation complete.
[   18.337115] cloud-init[1220]: Cloud-init v. 20.4.1-0ubuntu1~16.04.1 running 'modules:config' at Mon, 08 Mar 2021 23:50:32 +0000. Up 16.60 seconds.
[[0;32m  OK  [0m] Started Apply the settings specified in cloud-config.
         Starting Execute cloud user/final scripts...
ci-info: no authorized SSH keys fingerprints found for user ubuntu.
<14>Mar  8 23:50:34 ec2: 
<14>Mar  8 23:50:34 ec2: #############################################################
<14>Mar  8 23:50:34 ec2: -----BEGIN SSH HOST KEY FINGERPRINTS-----
<14>Mar  8 23:50:34 ec2: 1024 SHA256:DsmpkwlLlrIfGmsJj1WIHeAx812RGlnmy6Y0NbB/n4E root@ubuntu-xenial (DSA)
<14>Mar  8 23:50:34 ec2: 256 SHA256:1tYCoz6B1en7h+pWPMfmyBrKQdGXCRW1r21FFBFGFa0 root@ubuntu-xenial (ECDSA)
<14>Mar  8 23:50:34 ec2: 256 SHA256:Ofc1FfhUdEZLs28yXlD9moQIA8luIqf0kOiHVAPYFoY root@ubuntu-xenial (ED25519)
<14>Mar  8 23:50:34 ec2: 2048 SHA256:/CIJQ+XV2/eIXyDLB5obeCPrJMgqeWuPRGkOXLeapIo root@ubuntu-xenial (RSA)
<14>Mar  8 23:50:34 ec2: -----END SSH HOST KEY FINGERPRINTS-----
<14>Mar  8 23:50:34 ec2: #############################################################
-----BEGIN SSH HOST KEY KEYS-----
ecdsa-sha2-nistp256 AAAAE2VjZHNhLXNoYTItbmlzdHAyNTYAAAAIbmlzdHAyNTYAAABBBH9/CJISxosS9rDTrMrYKjHHb2jQDdulcCazYxgsbQqy/kqiGZUHxf3bqpazOhbumHN55hxyTV5mnEXPO8gqUGs= root@ubuntu-xenial
ssh-ed25519 AAAAC3NzaC1lZDI1NTE5AAAAIInCQvRCvsGiKiNS43VrLLCLDah1vQMDTPBynTsYnpam root@ubuntu-xenial
ssh-rsa AAAAB3NzaC1yc2EAAAADAQABAAABAQDQeueCwY+Zirp+eR9avd1vIr2n6Z4+BczY+pN6vz9EOH9PzmY+vvaEt0ZC3ereEjHm81IVR861PFu4TJVtCg0EcilOokcH0jWZaZLGirpL8tyNA/fabpxnNyVf0vWlMvx6dGxrVKhCIZUTgitqdEsPTSErGWWoFOqQ9PlKFkBSg4vf18bFdKEsMit/27ESSetwX4brfZYpIh4kyTozbvsMtMn2MbXSS2ZHaFRTxogQamtxWtrFN7XSkS2/OXM21pNI+hsHY4LhQQGW7ALV+aPR35L1+tsd+ZLxvGvDJqsF5OOqqn3wEOYrnxUrhq0KhG6Hqxx3FtM7zA5Oiee45dMn root@ubuntu-xenial
-----END SSH HOST KEY KEYS-----
[   18.760259] cloud-init[1322]: Cloud-init v. 20.4.1-0ubuntu1~16.04.1 running 'modules:final' at Mon, 08 Mar 2021 23:50:34 +0000. Up 18.60 seconds.
[   18.776885] cloud-init[1322]: ci-info: no authorized SSH keys fingerprints found for user ubuntu.
[   18.783156] cloud-init[1322]: Cloud-init v. 20.4.1-0ubuntu1~16.04.1 finished at Mon, 08 Mar 2021 23:50:34 +0000. Datasource DataSourceNoCloud [seed=/dev/sdb][dsmode=net].  Up 18.75 seconds
[[0;32m  OK  [0m] Started Execute cloud user/final scripts.
[[0;32m  OK  [0m] Reached target Cloud-init target.

Ubuntu 16.04.7 LTS ubuntu-xenial ttyS0

ubuntu-xenial login: 